// Jest Snapshot v1, https://goo.gl/fbAQLP

exports[`Cell render default render 1`] = `
<td
  className="  "
/>
`;

exports[`Cell render default render with class by default 1`] = `
<td
  className="cellGray  "
/>
`;

exports[`Cell render default render with variant 1`] = `
<th
  className="cellGray  "
/>
`;
