// Jest Snapshot v1, https://goo.gl/fbAQLP

exports[`Summary render default render 1`] = `
<div
  className="summary"
>
  <div
    className="summary__title"
  >
    April
     teams Summary
  </div>
  <div
    className="summary__inner"
  >
    <div
      className="summary__text"
    >
      On vacation
    </div>
    <Memo(CountUsers)
      classNames={
        Array [
          "summary__users",
        ]
      }
      countUsers={10}
    />
    <Memo(WeekendPercents)
      classNames={
        Array [
          "summary__weekendPercent",
        ]
      }
      percent={5}
    />
  </div>
</div>
`;
