// Jest Snapshot v1, https://goo.gl/fbAQLP

exports[`ModalBody render render default 1`] = `
<form
  class="modalBody"
/>
`;

exports[`ModalBody render render with children 1`] = `
<form
  class="modalBody"
>
  <div
    class="modalBody__item"
  >
    <span>
      Test
    </span>
  </div>
  <div
    class="modalBody__item"
  >
    <span>
      Test
    </span>
  </div>
  <div
    class="modalBody__item"
  >
    <span>
      Test
    </span>
  </div>
</form>
`;

exports[`ModalBody render render with one child 1`] = `
<form
  class="modalBody"
>
  <div
    class="modalBody__item"
  >
    <span>
      Test
    </span>
  </div>
</form>
`;
